Traceback (most recent call last):
  File "/usr/local/lib/python3.9/site-packages/jupyter_cache/executors/utils.py", line 51, in single_nb_execution
    executenb(
  File "/usr/local/lib/python3.9/site-packages/nbclient/client.py", line 1093, in execute
    return NotebookClient(nb=nb, resources=resources, km=km, **kwargs).execute()
  File "/usr/local/lib/python3.9/site-packages/nbclient/util.py", line 84, in wrapped
    return just_run(coro(*args, **kwargs))
  File "/usr/local/lib/python3.9/site-packages/nbclient/util.py", line 62, in just_run
    return loop.run_until_complete(coro)
  File "/usr/local/Cellar/python@3.9/3.9.25/Frameworks/Python.framework/Versions/3.9/lib/python3.9/asyncio/base_events.py", line 647, in run_until_complete
    return future.result()
  File "/usr/local/lib/python3.9/site-packages/nbclient/client.py", line 559, in async_execute
    await self.async_execute_cell(
  File "/usr/local/lib/python3.9/site-packages/nbclient/client.py", line 854, in async_execute_cell
    self._check_raise_for_error(cell, exec_reply)
  File "/usr/local/lib/python3.9/site-packages/nbclient/client.py", line 756, in _check_raise_for_error
    raise CellExecutionError.from_cell_and_msg(cell, exec_reply_content)
nbclient.exceptions.CellExecutionError: An error occurred while executing the following cell:
------------------
# equate ray with cone, look for intersections
sols = sym.solve(peqn.subs([(x, r1[0]), (y, r1[1]), (z, r1[2])]),t)
valid_sols = [i for i in sols if i <= 1]
valid_sols.sort()
for i, val in enumerate(valid_sols) :
    print("intersection {} found at t={}".format(i+1,val.evalf()))
    
#convert intersections to useful datatypes
is1  = (r1.subs(t,sols[0].evalf()))
r1o  = np.array(r1_o.tolist()[0],dtype='float64')
is1a = np.array(is1.tolist()[0],dtype='float64')
print("intersection occurs at ({:0.3f},{:0.3f},{:0.3f})".format(is1a[0],is1a[1],is1a[2]))
r1vv  = np.array(r1v.tolist()[0],dtype='float64')
rr_o = sym.Matrix([is1a])
------------------

[0;31m---------------------------------------------------------------------------[0m
[0;31mValueError[0m                                Traceback (most recent call last)
Cell [0;32mIn[7], line 14[0m
[1;32m     12[0m [38;5;28mprint[39m([38;5;124m"[39m[38;5;124mintersection occurs at ([39m[38;5;132;01m{:0.3f}[39;00m[38;5;124m,[39m[38;5;132;01m{:0.3f}[39;00m[38;5;124m,[39m[38;5;132;01m{:0.3f}[39;00m[38;5;124m)[39m[38;5;124m"[39m[38;5;241m.[39mformat(is1a[[38;5;241m0[39m],is1a[[38;5;241m1[39m],is1a[[38;5;241m2[39m]))
[1;32m     13[0m r1vv  [38;5;241m=[39m np[38;5;241m.[39marray(r1v[38;5;241m.[39mtolist()[[38;5;241m0[39m],dtype[38;5;241m=[39m[38;5;124m'[39m[38;5;124mfloat64[39m[38;5;124m'[39m)
[0;32m---> 14[0m rr_o [38;5;241m=[39m [43msym[49m[38;5;241;43m.[39;49m[43mMatrix[49m[43m([49m[43m[[49m[43mis1a[49m[43m][49m[43m)[49m

File [0;32m~/Library/Python/3.9/lib/python/site-packages/sympy/matrices/repmatrix.py:317[0m, in [0;36mMutableRepMatrix.__new__[0;34m(cls, *args, **kwargs)[0m
[1;32m    316[0m [38;5;28;01mdef[39;00m [38;5;21m__new__[39m([38;5;28mcls[39m, [38;5;241m*[39margs, [38;5;241m*[39m[38;5;241m*[39mkwargs):
[0;32m--> 317[0m     [38;5;28;01mreturn[39;00m [38;5;28;43mcls[39;49m[38;5;241;43m.[39;49m[43m_new[49m[43m([49m[38;5;241;43m*[39;49m[43margs[49m[43m,[49m[43m [49m[38;5;241;43m*[39;49m[38;5;241;43m*[39;49m[43mkwargs[49m[43m)[49m

File [0;32m~/Library/Python/3.9/lib/python/site-packages/sympy/matrices/repmatrix.py:328[0m, in [0;36mMutableRepMatrix._new[0;34m(cls, copy, *args, **kwargs)[0m
[1;32m    326[0m     rows, cols, flat_list [38;5;241m=[39m args
[1;32m    327[0m [38;5;28;01melse[39;00m:
[0;32m--> 328[0m     rows, cols, flat_list [38;5;241m=[39m [38;5;28;43mcls[39;49m[38;5;241;43m.[39;49m[43m_handle_creation_inputs[49m[43m([49m[38;5;241;43m*[39;49m[43margs[49m[43m,[49m[43m [49m[38;5;241;43m*[39;49m[38;5;241;43m*[39;49m[43mkwargs[49m[43m)[49m
[1;32m    329[0m     flat_list [38;5;241m=[39m [38;5;28mlist[39m(flat_list) [38;5;66;03m# create a shallow copy[39;00m
[1;32m    331[0m rep [38;5;241m=[39m [38;5;28mcls[39m[38;5;241m.[39m_flat_list_to_DomainMatrix(rows, cols, flat_list)

File [0;32m~/Library/Python/3.9/lib/python/site-packages/sympy/matrices/matrices.py:1032[0m, in [0;36mMatrixBase._handle_creation_inputs[0;34m(cls, *args, **kwargs)[0m
[1;32m   1029[0m     [38;5;28;01mif[39;00m [38;5;28misinstance[39m(dat, ([38;5;28mlist[39m, [38;5;28mtuple[39m)):
[1;32m   1030[0m         dat [38;5;241m=[39m [make_explicit_row(row) [38;5;28;01mfor[39;00m row [38;5;129;01min[39;00m dat]
[0;32m-> 1032[0m [38;5;28;01mif[39;00m dat [38;5;241m==[39m [] [38;5;129;01mor[39;00m [43mdat[49m[43m [49m[38;5;241;43m==[39;49m[43m [49m[43m[[49m[43m[[49m[43m][49m[43m][49m:
[1;32m   1033[0m     rows [38;5;241m=[39m cols [38;5;241m=[39m [38;5;241m0[39m
[1;32m   1034[0m     flat_list [38;5;241m=[39m []

[0;31mValueError[0m: operands could not be broadcast together with shapes (3,) (0,) 
ValueError: operands could not be broadcast together with shapes (3,) (0,) 

